
> web-app@0.1.0 build
> next build

node.exe : ΓÜá Warning: 
Next.js inferred your 
workspace root, but it may 
not be correct.
At line:1 char:1
+ & "C:\Program 
Files\nodejs/node.exe" 
"C:\Program 
Files\nodejs/node_mo ...
+ ~~~~~~~~~~~~~~~~~~~~~~~~~~~~
~~~~~~~~~~~~~~~~~~~~~~~~~~~~~~
~~~~~~~~~~~
    + CategoryInfo          : 
Not    Specified: (ΓÜá 
Warning: Ne..    .not be 
correct.:String) [],     
RemoteException
    + FullyQualifiedErrorId : 
Nat    iveCommandError
 
 We detected multiple 
lockfiles and selected the 
directory of C:\Users\veere\pa
ckage-lock.json as the root 
directory.
 To silence this warning, set 
`turbopack.root` in your 
Next.js config, or consider 
removing one of the lockfiles 
if it's not needed.
   See https://nextjs.org/docs
/app/api-reference/config/next
-config-js/turbopack#root-dire
ctory for more information.
 Detected additional 
lockfiles: 
   * C:\Users\veere\OneDrive\D
esktop\web-app\package-lock.js
on

Γû▓ Next.js 16.1.6 (Turbopack)
- Environments: .env

  Creating an optimized production build ...
Γ£ô Compiled successfully in 4.1s
  Running TypeScript ...
  Collecting page data using 15 workers ...
Firebase Admin SDK initialized successfully.
Firebase Admin SDK initialized successfully.
Firebase Admin SDK initialized successfully.
Error: Cannot find module 
'@opentelemetry/api'
Require stack:
- C:\Users\veere\OneDrive\Desk
top\web-app\node_modules\@goog
le-cloud\firestore\build\src\t
elemetry\enabled-trace-util.js
- C:\Users\veere\OneDrive\Desk
top\web-app\node_modules\@goog
le-cloud\firestore\build\src\i
ndex.js
- C:\Users\veere\OneDrive\Desk
top\web-app\node_modules\fireb
ase-admin\lib\app\firebase-nam
espace.js
- C:\Users\veere\OneDrive\Desk
top\web-app\node_modules\fireb
ase-admin\lib\default-namespac
e.js
- C:\Users\veere\OneDrive\Desk
top\web-app\node_modules\fireb
ase-admin\lib\index.js
- C:\Users\veere\OneDrive\Desk
top\web-app\.next\server\chunk
s\[root-of-the-server]__6ca3d3
57._.js
- C:\Users\veere\OneDrive\Desk
top\web-app\.next\server\chunk
s\[turbopack]_runtime.js
- C:\Users\veere\OneDrive\Desk
top\web-app\.next\server\app\a
pi\register\route.js
- C:\Users\veere\OneDrive\Desk
top\web-app\node_modules\next\
dist\server\require.js
- C:\Users\veere\OneDrive\Desk
top\web-app\node_modules\next\
dist\server\load-components.js
- C:\Users\veere\OneDrive\Desk
top\web-app\node_modules\next\
dist\build\utils.js
- C:\Users\veere\OneDrive\Desk
top\web-app\node_modules\next\
dist\build\worker.js
- C:\Users\veere\OneDrive\Desk
top\web-app\node_modules\next\
dist\compiled\jest-worker\proc
essChild.js
    at ignore-listed frames {
  code: 'MODULE_NOT_FOUND',
  requireStack: [Array]
}

> Build error occurred
Error: Failed to collect page 
data for /api/register
    at ignore-listed frames {
  type: 'Error'
}
